PING 0
MSG 1
8 Cool arg
MSG 2
7 one arg
7 two arg
MSG 2
27 aaaaaaaaaaaaaaaaaaaaaaaaaaa
102 bbbbbbbbbbbbbbbbbbbbbbbbbbbbbbbbbbbbbbbbbbbbbbbbbbbbbbbbbbbbbbbbbbbbbbbbbbbbbbbbbbbbbbbbbbbbbbbbbbbbbb
READ 2
1 0
1 0
HEAD 1
3 100
CLOSE 0
SHUTDOWN 0
MSG 3
27 aaaaaaaaaaaaaaaaaaaaaaaaaaa
102 bbbbbbbbbbbbbbbbbbbbbbbbbbbbbbbbbbbbbbbbbbbbbbbbbbbbbbbbbbbbbbbbbbbbbbbbbbbbbbbbbbbbbbbbbbbbbbbbbbbbbb
102 cccccccccccccccccccccccccccccccccccccccccccccccccccccccccccccccccccccccccccccccccccccccccccccccccccccc
