BATCH 37 default 3205135018 3
MSG 2
hi
MSG 5
hallo
MSG 3
sup
