really cool message
another really cool message
yet another really cool message
finally a last really cool message
