2 3 2637804513 two
3 5 504820472 three
4 4 381684716 four
